###############################################################################
#
# IAR ELF Linker V3.10.1.201 for STM8                     01/Sep/2019  22:25:52
# Copyright 2010-2017 IAR Systems AB.
#
#    Output file  =  
#        C:\Users\admin\Documents\stm8_project\Debug\Exe\stm8_project.out
#    Map file     =  
#        C:\Users\admin\Documents\stm8_project\Debug\List\stm8_project.map
#    Command line =  
#        -f C:\Users\admin\AppData\Local\Temp\EW4A60.tmp
#        (C:\Users\admin\Documents\stm8_project\Debug\Obj\main.o
#        C:\Users\admin\Documents\stm8_project\Debug\Obj\stm8l15x_adc.o
#        C:\Users\admin\Documents\stm8_project\Debug\Obj\stm8l15x_aes.o
#        C:\Users\admin\Documents\stm8_project\Debug\Obj\stm8l15x_beep.o
#        C:\Users\admin\Documents\stm8_project\Debug\Obj\stm8l15x_clk.o
#        C:\Users\admin\Documents\stm8_project\Debug\Obj\stm8l15x_comp.o
#        C:\Users\admin\Documents\stm8_project\Debug\Obj\stm8l15x_dac.o
#        C:\Users\admin\Documents\stm8_project\Debug\Obj\stm8l15x_dma.o
#        C:\Users\admin\Documents\stm8_project\Debug\Obj\stm8l15x_exti.o
#        C:\Users\admin\Documents\stm8_project\Debug\Obj\stm8l15x_flash.o
#        C:\Users\admin\Documents\stm8_project\Debug\Obj\stm8l15x_gpio.o
#        C:\Users\admin\Documents\stm8_project\Debug\Obj\stm8l15x_i2c.o
#        C:\Users\admin\Documents\stm8_project\Debug\Obj\stm8l15x_irtim.o
#        C:\Users\admin\Documents\stm8_project\Debug\Obj\stm8l15x_itc.o
#        C:\Users\admin\Documents\stm8_project\Debug\Obj\stm8l15x_iwdg.o
#        C:\Users\admin\Documents\stm8_project\Debug\Obj\stm8l15x_lcd.o
#        C:\Users\admin\Documents\stm8_project\Debug\Obj\stm8l15x_pwr.o
#        C:\Users\admin\Documents\stm8_project\Debug\Obj\stm8l15x_rst.o
#        C:\Users\admin\Documents\stm8_project\Debug\Obj\stm8l15x_rtc.o
#        C:\Users\admin\Documents\stm8_project\Debug\Obj\stm8l15x_spi.o
#        C:\Users\admin\Documents\stm8_project\Debug\Obj\stm8l15x_syscfg.o
#        C:\Users\admin\Documents\stm8_project\Debug\Obj\stm8l15x_tim1.o
#        C:\Users\admin\Documents\stm8_project\Debug\Obj\stm8l15x_tim2.o
#        C:\Users\admin\Documents\stm8_project\Debug\Obj\stm8l15x_tim3.o
#        C:\Users\admin\Documents\stm8_project\Debug\Obj\stm8l15x_tim4.o
#        C:\Users\admin\Documents\stm8_project\Debug\Obj\stm8l15x_tim5.o
#        C:\Users\admin\Documents\stm8_project\Debug\Obj\stm8l15x_usart.o
#        C:\Users\admin\Documents\stm8_project\Debug\Obj\stm8l15x_wfe.o
#        C:\Users\admin\Documents\stm8_project\Debug\Obj\stm8l15x_wwdg.o
#        C:\Users\admin\Documents\stm8_project\Debug\Obj\uart.o --redirect
#        _Printf=_PrintfFullNoMb --redirect _Scanf=_ScanfFullNoMb -o
#        C:\Users\admin\Documents\stm8_project\Debug\Exe\stm8_project.out --map
#        C:\Users\admin\Documents\stm8_project\Debug\List\stm8_project.map
#        --config "C:\Program Files (x86)\IAR Systems\Embedded Workbench
#        8.0\stm8\config\lnkstm8l052r8.icf" --config_def _CSTACK_SIZE=0x100
#        --config_def _HEAP_SIZE=0x100 --entry __iar_program_start --debug_lib)
#
###############################################################################

*******************************************************************************
*** RUNTIME MODEL ATTRIBUTES
***

__SystemLibrary            = DLib
__code_model               = small
__core                     = stm8
__data_model               = medium
__dlib_file_descriptor     = 0
__dlib_full_locale_support = 0
__rt_version               = 4


*******************************************************************************
*** PLACEMENT SUMMARY
***

"A0":  place at start of [0x000000-0x0000ff] { rw section .vregs };
"A1":  place at end of [0x000000-0x000fff] { block CSTACK };
"A2":  place at start of [0x008000-0x00ffff] { block INTVEC };
"P3":  place in [from 0x008000 to 0x00ffff] {
          ro section __DLIB_PERTHREAD_init, ro section .far.data_init,
          ro section .far_func.textrw_init, ro section .huge.data_init,
          ro section .huge_func.textrw_init, ro section .iar.init_table,
          ro section .init_array, ro section .near.data_init,
          ro section .near.rodata, ro section .near_func.text,
          ro section .near_func.textrw_init, ro section .tiny.data_init,
          ro section .tiny.rodata_init };
do not initialize {
   rw section .eeprom.noinit, rw section .far.noinit, rw section .huge.noinit,
   rw section .near.noinit, rw section .tiny.noinit, rw section .vregs };

  Section          Kind      Address   Size  Object
  -------          ----      -------   ----  ------
"A0":                                  0x10
  .vregs           uninit   0x000000   0x10  vregs.o [4]
                          - 0x000010   0x10

"A1":                                 0x100
  CSTACK                    0x000f00  0x100  <Block>
    CSTACK         uninit   0x000f00  0x100  <Block tail>
                          - 0x001000  0x100

"A2":                                  0x80
  INTVEC                    0x008000   0x80  <Block>
    .intvec        const    0x008000   0x80  interrupt.o [4]
                          - 0x008080   0x80

"P3":                                 0x50a
  .near_func.text  ro code  0x008080   0xca  stm8l15x_usart.o [1]
  .near_func.text  ro code  0x00814a   0xa3  vreg_util.o [4]
  .near_func.text  ro code  0x0081ed   0x8e  stm8l15x_gpio.o [1]
  .near_func.text  ro code  0x00827b   0x89  stm8l15x_clk.o [1]
  .near_func.text  ro code  0x008304   0x72  stm8l15x_clk.o [1]
  .near_func.text  ro code  0x008376   0x6d  long.o [4]
  .near_func.text  ro code  0x0083e3   0x4c  uart.o [1]
  .near_func.text  ro code  0x00842f   0x27  stm8l15x_usart.o [1]
  .near_func.text  ro code  0x008456   0x22  stm8l15x_usart.o [1]
  .near_func.text  ro code  0x008478   0x1f  main.o [1]
  .near_func.text  ro code  0x008497   0x1c  main.o [1]
  .near_func.text  ro code  0x0084b3   0x1c  long_util.o [4]
  .near_func.text  ro code  0x0084cf   0x1a  uart.o [1]
  .near_func.text  ro code  0x0084e9   0x15  uart.o [1]
  .near_func.text  ro code  0x0084fe   0x14  init.o [4]
  .near_func.text  ro code  0x008512   0x14  __dbg_xxexit.o [3]
  .near_func.text  ro code  0x008526   0x13  cstartup.o [4]
  .near.rodata     const    0x008539    0xf  main.o [1]
  .near_func.text  ro code  0x008548    0xd  short.o [4]
  .near_func.text  ro code  0x008555    0xc  main.o [1]
  .near_func.text  ro code  0x008561    0x8  main.o [1]
  .near_func.text  ro code  0x008569    0x7  stm8l15x_gpio.o [1]
  .near.rodata     const    0x008570    0x5  stm8l15x_clk.o [1]
  .near_func.text  ro code  0x008575    0x5  cexit.o [4]
  .near_func.text  ro code  0x00857a    0x3  stm8l15x_usart.o [1]
  .near_func.text  ro code  0x00857d    0x3  interrupt.o [4]
  .near_func.text  ro code  0x008580    0x3  low_level_init.o [4]
  .near_func.text  ro code  0x008583    0x3  exit.o [4]
  .near_func.text  ro code  0x008586    0x3  unhandled_exception.o [4]
  .near_func.text  ro code  0x008589    0x1  __dbg_break.o [3]
                          - 0x00858a  0x50a



*******************************************************************************
*** MODULE SUMMARY
***

    Module                 ro code  ro data  rw data
    ------                 -------  -------  -------
C:\Users\admin\Documents\stm8_project\Debug\Obj: [1]
    main.o                      79       15
    stm8l15x_clk.o             251        5
    stm8l15x_gpio.o            149
    stm8l15x_usart.o           278
    uart.o                     123
    ------------------------------------------------
    Total:                     880       20

command line: [2]
    ------------------------------------------------
    Total:

dbgstm8smd.a: [3]
    __dbg_break.o                1
    __dbg_xxexit.o              20
    ------------------------------------------------
    Total:                      21

dlstm8smn.a: [4]
    cexit.o                      5
    cstartup.o                  19
    exit.o                       3
    init.o                      20
    interrupt.o                  3      128
    long.o                     109
    long_util.o                 28
    low_level_init.o             3
    short.o                     13
    unhandled_exception.o        3
    vreg_util.o                163
    vregs.o                                       16
    ------------------------------------------------
    Total:                     369      128       16

    Linker created                               256
----------------------------------------------------
    Grand Total:             1 270      148      272


*******************************************************************************
*** ENTRY LIST
***

Entry                    Address  Size  Type      Object
-----                    -------  ----  ----      ------
?b0                     0x000000        Data  Gb  vregs.o [4]
?b1                     0x000001        Data  Gb  vregs.o [4]
?b10                    0x00000a        Data  Gb  vregs.o [4]
?b11                    0x00000b        Data  Gb  vregs.o [4]
?b12                    0x00000c        Data  Gb  vregs.o [4]
?b13                    0x00000d        Data  Gb  vregs.o [4]
?b14                    0x00000e        Data  Gb  vregs.o [4]
?b15                    0x00000f        Data  Gb  vregs.o [4]
?b2                     0x000002        Data  Gb  vregs.o [4]
?b3                     0x000003        Data  Gb  vregs.o [4]
?b4                     0x000004        Data  Gb  vregs.o [4]
?b5                     0x000005        Data  Gb  vregs.o [4]
?b6                     0x000006        Data  Gb  vregs.o [4]
?b7                     0x000007        Data  Gb  vregs.o [4]
?b8                     0x000008        Data  Gb  vregs.o [4]
?b9                     0x000009        Data  Gb  vregs.o [4]
?e0                     0x000001        Data  Gb  vregs.o [4]
?e1                     0x000005        Data  Gb  vregs.o [4]
?e2                     0x000009        Data  Gb  vregs.o [4]
?e3                     0x00000d        Data  Gb  vregs.o [4]
?epilogue_l2            0x0081be        Code  Gb  vreg_util.o [4]
?epilogue_l2_l3         0x0081bb        Code  Gb  vreg_util.o [4]
?epilogue_w4            0x0081c2        Code  Gb  vreg_util.o [4]
?l0                     0x000000        Data  Gb  vregs.o [4]
?l1                     0x000004        Data  Gb  vregs.o [4]
?l2                     0x000008        Data  Gb  vregs.o [4]
?l3                     0x00000c        Data  Gb  vregs.o [4]
?load32_l1_0x           0x0084c3        Code  Gb  long_util.o [4]
?load32_l1_asp          0x0084b8        Code  Gb  long_util.o [4]
?load32_l1_dbsp         0x0084b3        Code  Gb  long_util.o [4]
?load32_l1_xsp          0x0084ba        Code  Gb  long_util.o [4]
?mov_e0_e2              0x0081c9        Code  Gb  vreg_util.o [4]
?mov_e2_e0              0x0081d6        Code  Gb  vreg_util.o [4]
?mov_e3_e0              0x0081e3        Code  Gb  vreg_util.o [4]
?mov_l0_l2              0x0081c6        Code  Gb  vreg_util.o [4]
?mov_l2_l0              0x0081d3        Code  Gb  vreg_util.o [4]
?mov_l3_l0              0x0081e0        Code  Gb  vreg_util.o [4]
?mov_w1_w5              0x0081cc        Code  Gb  vreg_util.o [4]
?mov_w5_w1              0x0081d9        Code  Gb  vreg_util.o [4]
?mov_w7_w1              0x0081e6        Code  Gb  vreg_util.o [4]
?pop_l2                 0x00819d        Code  Gb  vreg_util.o [4]
?pop_l3                 0x0081a8        Code  Gb  vreg_util.o [4]
?pop_w4                 0x008162        Code  Gb  vreg_util.o [4]
?push_l0                0x008171        Code  Gb  vreg_util.o [4]
?push_l2                0x008176        Code  Gb  vreg_util.o [4]
?push_l3                0x00817b        Code  Gb  vreg_util.o [4]
?push_w4                0x00814a        Code  Gb  vreg_util.o [4]
?sll16_x_x_a            0x008548        Code  Gb  short.o [4]
?srl16_x_x_4            0x008550        Code  Gb  short.o [4]
?udiv32_l0_l0_l1        0x008376        Code  Gb  long.o [4]
?umod32_l1_l0_l1        0x008376        Code  Gb  long.o [4]
?w0                     0x000000        Data  Gb  vregs.o [4]
?w1                     0x000002        Data  Gb  vregs.o [4]
?w2                     0x000004        Data  Gb  vregs.o [4]
?w3                     0x000006        Data  Gb  vregs.o [4]
?w4                     0x000008        Data  Gb  vregs.o [4]
?w5                     0x00000a        Data  Gb  vregs.o [4]
?w6                     0x00000c        Data  Gb  vregs.o [4]
?w7                     0x00000e        Data  Gb  vregs.o [4]
CLK_GetClockFreq        0x008304  0x72  Code  Gb  stm8l15x_clk.o [1]
CLK_PeripheralClockConfig
                        0x00827b  0x89  Code  Gb  stm8l15x_clk.o [1]
CSTACK$$Base            0x000f00         --   Gb  - Linker created -
CSTACK$$Limit           0x001000         --   Gb  - Linker created -
Delay                   0x008497  0x1c  Code  Gb  main.o [1]
GPIO_Init               0x0081ed  0x8e  Code  Gb  stm8l15x_gpio.o [1]
GPIO_SetBits            0x008569   0x7  Code  Gb  stm8l15x_gpio.o [1]
INTVEC$$Base            0x008000         --   Gb  - Linker created -
INTVEC$$Limit           0x008080         --   Gb  - Linker created -
LED_GPIO_Init           0x008555   0xc  Code  Gb  main.o [1]
LED_On                  0x008561   0x8  Code  Gb  main.o [1]
Region$$Table$$Base   0x00000000         --   Gb  - Linker created -
Region$$Table$$Limit  0x00000000         --   Gb  - Linker created -
SYSDivFactor            0x008570   0x5  Data  Gb  stm8l15x_clk.o [1]
UART1_Init              0x0083e3  0x4c  Code  Gb  uart.o [1]
UART1_Send_Byte         0x0084e9  0x15  Code  Gb  uart.o [1]
UART1_Send_String       0x0084cf  0x1a  Code  Gb  uart.o [1]
USART_Cmd               0x00842f  0x27  Code  Gb  stm8l15x_usart.o [1]
USART_GetFlagStatus     0x008456  0x22  Code  Gb  stm8l15x_usart.o [1]
USART_Init              0x008080  0xca  Code  Gb  stm8l15x_usart.o [1]
USART_SendData8         0x00857a   0x3  Code  Gb  stm8l15x_usart.o [1]
__DebugBreak            0x008589   0x1  Code  Gb  __dbg_break.o [3]
__exit                  0x008512  0x14  Code  Gb  __dbg_xxexit.o [3]
__iar_data_init2        0x0084fe  0x14  Code  Gb  init.o [4]
__iar_program_start     0x008526        Code  Gb  cstartup.o [4]
__iar_unhandled_exception
                        0x008586        Code  Gb  unhandled_exception.o [4]
__intvec                0x008000        Data  Gb  interrupt.o [4]
__low_level_init        0x008580   0x3  Code  Gb  low_level_init.o [4]
_exit                   0x008575        Code  Gb  cexit.o [4]
exit                    0x008583   0x3  Code  Gb  exit.o [4]
main                    0x008478  0x1f  Code  Gb  main.o [1]


[1] = C:\Users\admin\Documents\stm8_project\Debug\Obj
[2] = command line
[3] = dbgstm8smd.a
[4] = dlstm8smn.a

  1 270 bytes of readonly  code memory
    148 bytes of readonly  data memory
    272 bytes of readwrite data memory

Errors: none
Warnings: none
