###############################################################################
#
# IAR ELF Linker V3.10.1.201 for STM8                     02/Sep/2019  13:17:08
# Copyright 2010-2017 IAR Systems AB.
#
#    Output file  =  
#        C:\Users\admin\Documents\stm8_project\Debug\Exe\stm8_project.out
#    Map file     =  
#        C:\Users\admin\Documents\stm8_project\Debug\List\stm8_project.map
#    Command line =  
#        -f C:\Users\admin\AppData\Local\Temp\EW477D.tmp
#        (C:\Users\admin\Documents\stm8_project\Debug\Obj\main.o
#        C:\Users\admin\Documents\stm8_project\Debug\Obj\rtc.o
#        C:\Users\admin\Documents\stm8_project\Debug\Obj\stm8l15x_adc.o
#        C:\Users\admin\Documents\stm8_project\Debug\Obj\stm8l15x_aes.o
#        C:\Users\admin\Documents\stm8_project\Debug\Obj\stm8l15x_beep.o
#        C:\Users\admin\Documents\stm8_project\Debug\Obj\stm8l15x_clk.o
#        C:\Users\admin\Documents\stm8_project\Debug\Obj\stm8l15x_comp.o
#        C:\Users\admin\Documents\stm8_project\Debug\Obj\stm8l15x_dac.o
#        C:\Users\admin\Documents\stm8_project\Debug\Obj\stm8l15x_dma.o
#        C:\Users\admin\Documents\stm8_project\Debug\Obj\stm8l15x_exti.o
#        C:\Users\admin\Documents\stm8_project\Debug\Obj\stm8l15x_flash.o
#        C:\Users\admin\Documents\stm8_project\Debug\Obj\stm8l15x_gpio.o
#        C:\Users\admin\Documents\stm8_project\Debug\Obj\stm8l15x_i2c.o
#        C:\Users\admin\Documents\stm8_project\Debug\Obj\stm8l15x_irtim.o
#        C:\Users\admin\Documents\stm8_project\Debug\Obj\stm8l15x_itc.o
#        C:\Users\admin\Documents\stm8_project\Debug\Obj\stm8l15x_iwdg.o
#        C:\Users\admin\Documents\stm8_project\Debug\Obj\stm8l15x_lcd.o
#        C:\Users\admin\Documents\stm8_project\Debug\Obj\stm8l15x_pwr.o
#        C:\Users\admin\Documents\stm8_project\Debug\Obj\stm8l15x_rst.o
#        C:\Users\admin\Documents\stm8_project\Debug\Obj\stm8l15x_rtc.o
#        C:\Users\admin\Documents\stm8_project\Debug\Obj\stm8l15x_spi.o
#        C:\Users\admin\Documents\stm8_project\Debug\Obj\stm8l15x_syscfg.o
#        C:\Users\admin\Documents\stm8_project\Debug\Obj\stm8l15x_tim1.o
#        C:\Users\admin\Documents\stm8_project\Debug\Obj\stm8l15x_tim2.o
#        C:\Users\admin\Documents\stm8_project\Debug\Obj\stm8l15x_tim3.o
#        C:\Users\admin\Documents\stm8_project\Debug\Obj\stm8l15x_tim4.o
#        C:\Users\admin\Documents\stm8_project\Debug\Obj\stm8l15x_tim5.o
#        C:\Users\admin\Documents\stm8_project\Debug\Obj\stm8l15x_usart.o
#        C:\Users\admin\Documents\stm8_project\Debug\Obj\stm8l15x_wfe.o
#        C:\Users\admin\Documents\stm8_project\Debug\Obj\stm8l15x_wwdg.o
#        C:\Users\admin\Documents\stm8_project\Debug\Obj\uart.o --redirect
#        _Printf=_PrintfFullNoMb --redirect _Scanf=_ScanfFullNoMb -o
#        C:\Users\admin\Documents\stm8_project\Debug\Exe\stm8_project.out --map
#        C:\Users\admin\Documents\stm8_project\Debug\List\stm8_project.map
#        --config "C:\Program Files (x86)\IAR Systems\Embedded Workbench
#        8.0\stm8\config\lnkstm8l052r8.icf" --config_def _CSTACK_SIZE=0x100
#        --config_def _HEAP_SIZE=0x100 --entry __iar_program_start --debug_lib)
#
###############################################################################

*******************************************************************************
*** RUNTIME MODEL ATTRIBUTES
***

__SystemLibrary            = DLib
__code_model               = small
__core                     = stm8
__data_model               = medium
__dlib_file_descriptor     = 0
__dlib_full_locale_support = 0
__rt_version               = 4


*******************************************************************************
*** PLACEMENT SUMMARY
***

"A0":  place at start of [0x000000-0x0000ff] { rw section .vregs };
"A1":  place at end of [0x000000-0x000fff] { block CSTACK };
"P2":  place in [from 0x000000 to 0x000fff] {
          block HEAP, rw section __DLIB_PERTHREAD, rw section .far.bss,
          rw section .far.data, rw section .far.noinit,
          rw section .far_func.textrw, rw section .huge.bss,
          rw section .huge.data, rw section .huge.noinit,
          rw section .huge_func.textrw, rw section .iar.dynexit,
          rw section .near.bss, rw section .near.data, rw section .near.noinit,
          rw section .near_func.textrw };
"A2":  place at start of [0x008000-0x00ffff] { block INTVEC };
"P3":  place in [from 0x008000 to 0x00ffff] {
          ro section __DLIB_PERTHREAD_init, ro section .far.data_init,
          ro section .far_func.textrw_init, ro section .huge.data_init,
          ro section .huge_func.textrw_init, ro section .iar.init_table,
          ro section .init_array, ro section .near.data_init,
          ro section .near.rodata, ro section .near_func.text,
          ro section .near_func.textrw_init, ro section .tiny.data_init,
          ro section .tiny.rodata_init };
do not initialize {
   rw section .eeprom.noinit, rw section .far.noinit, rw section .huge.noinit,
   rw section .near.noinit, rw section .tiny.noinit, rw section .vregs };

  Section          Kind      Address   Size  Object
  -------          ----      -------   ----  ------
"A0":                                  0x10
  .vregs           uninit   0x000000   0x10  vregs.o [4]
                          - 0x000010   0x10

"P2":                                   0x7
  .near.bss        zero     0x000010    0x7  rtc.o [1]
                          - 0x000017    0x7

"A1":                                 0x100
  CSTACK                    0x000f00  0x100  <Block>
    CSTACK         uninit   0x000f00  0x100  <Block tail>
                          - 0x001000  0x100

"A2":                                  0x80
  INTVEC                    0x008000   0x80  <Block>
    .intvec        const    0x008000   0x80  interrupt.o [4]
                          - 0x008080   0x80

"P3":                                 0xda4
  .near_func.text  ro code  0x008080  0x1cf  uart.o [1]
  .near_func.text  ro code  0x00824f   0xf8  stm8l15x_rtc.o [1]
  .near_func.text  ro code  0x008347   0xca  stm8l15x_usart.o [1]
  .near_func.text  ro code  0x008411   0xbb  long.o [4]
  .near_func.text  ro code  0x0084cc   0xb7  vreg_util.o [4]
  .near_func.text  ro code  0x008583   0xaa  main.o [1]
  .near_func.text  ro code  0x00862d   0x99  stm8l15x_rtc.o [1]
  .near_func.text  ro code  0x0086c6   0x98  stm8l15x_clk.o [1]
  .near_func.text  ro code  0x00875e   0x8e  stm8l15x_gpio.o [1]
  .near_func.text  ro code  0x0087ec   0x89  stm8l15x_clk.o [1]
  .near_func.text  ro code  0x008875   0x84  stm8l15x_rtc.o [1]
  .near_func.text  ro code  0x0088f9   0x72  stm8l15x_clk.o [1]
  .near_func.text  ro code  0x00896b   0x6c  rtc.o [1]
  .near_func.text  ro code  0x0089d7   0x5b  stm8l15x_rtc.o [1]
  .near_func.text  ro code  0x008a32   0x55  stm8l15x_rtc.o [1]
  .near_func.text  ro code  0x008a87   0x4e  stm8l15x_rtc.o [1]
  .near_func.text  ro code  0x008ad5   0x4c  uart.o [1]
  .near_func.text  ro code  0x008b21   0x3d  stm8l15x_rtc.o [1]
  .near_func.text  ro code  0x008b5e   0x38  rtc.o [1]
  .near_func.text  ro code  0x008b96   0x34  stm8l15x_rtc.o [1]
  .near_func.text  ro code  0x008bca   0x27  stm8l15x_usart.o [1]
  .near_func.text  ro code  0x008bf1   0x22  stm8l15x_rtc.o [1]
  .near_func.text  ro code  0x008c13   0x22  stm8l15x_usart.o [1]
  .iar.init_table  const    0x008c35    0x8  - Linker created -
  .near_func.text  ro code  0x008c3d   0x1e  init_small.o [4]
  .near_func.text  ro code  0x008c5b   0x1c  main.o [1]
  .near_func.text  ro code  0x008c77   0x1c  stm8l15x_rtc.o [1]
  .near_func.text  ro code  0x008c93   0x1c  long_util.o [4]
  .near_func.text  ro code  0x008caf   0x1a  uart.o [1]
  .near_func.text  ro code  0x008cc9   0x17  stm8l15x_rtc.o [1]
  .near_func.text  ro code  0x008ce0   0x17  stm8l15x_rtc.o [1]
  .near_func.text  ro code  0x008cf7   0x15  uart.o [1]
  .near.rodata     const    0x008d0c   0x14  main.o [1]
  .near_func.text  ro code  0x008d20   0x14  init.o [4]
  .near_func.text  ro code  0x008d34   0x14  __dbg_xxexit.o [3]
  .near_func.text  ro code  0x008d48   0x13  stm8l15x_clk.o [1]
  .near_func.text  ro code  0x008d5b   0x13  stm8l15x_rtc.o [1]
  .near_func.text  ro code  0x008d6e   0x13  cstartup.o [4]
  .near.rodata     const    0x008d81   0x10  main.o [1]
  .near.rodata     const    0x008d91   0x10  uart.o [1]
  .near.rodata     const    0x008da1    0xe  main.o [1]
  .near_func.text  ro code  0x008daf    0xd  short.o [4]
  .near_func.text  ro code  0x008dbc    0xd  dc_util.o [4]
  .near_func.text  ro code  0x008dc9    0xc  main.o [1]
  .near_func.text  ro code  0x008dd5    0xa  stm8l15x_clk.o [1]
  .near_func.text  ro code  0x008ddf    0xa  char.o [4]
  .near_func.text  ro code  0x008de9    0x8  main.o [1]
  .near_func.text  ro code  0x008df1    0x8  main.o [1]
  .near_func.text  ro code  0x008df9    0x7  stm8l15x_gpio.o [1]
  .near.rodata     const    0x008e00    0x5  stm8l15x_clk.o [1]
  .near_func.text  ro code  0x008e05    0x5  cexit.o [4]
  .near_func.text  ro code  0x008e0a    0x4  stm8l15x_gpio.o [1]
  .near_func.text  ro code  0x008e0e    0x3  stm8l15x_usart.o [1]
  .near_func.text  ro code  0x008e11    0x3  interrupt.o [4]
  .near_func.text  ro code  0x008e14    0x3  low_level_init.o [4]
  .near_func.text  ro code  0x008e17    0x3  exit.o [4]
  .near_func.text  ro code  0x008e1a    0x3  unhandled_exception.o [4]
  .near.rodata     const    0x008e1d    0x2  main.o [1]
  .near.rodata     const    0x008e1f    0x2  main.o [1]
  .near.rodata     const    0x008e21    0x2  main.o [1]
  .near_func.text  ro code  0x008e23    0x1  __dbg_break.o [3]
                          - 0x008e24  0xda4


*******************************************************************************
*** INIT TABLE
***

          Address   Size
          -------   ----
Zero (__iar_zero_init2)
    1 destination range, total size 0x7:
          0x000010   0x7



*******************************************************************************
*** MODULE SUMMARY
***

    Module                 ro code  ro data  rw data
    ------                 -------  -------  -------
C:\Users\admin\Documents\stm8_project\Debug\Obj: [1]
    main.o                     226       56
    rtc.o                      164                 7
    stm8l15x_clk.o             432        5
    stm8l15x_gpio.o            153
    stm8l15x_rtc.o           1 027
    stm8l15x_usart.o           278
    uart.o                     586       16
    ------------------------------------------------
    Total:                   2 866       77        7

command line: [2]
    ------------------------------------------------
    Total:

dbgstm8smd.a: [3]
    __dbg_break.o                1
    __dbg_xxexit.o              20
    ------------------------------------------------
    Total:                      21

dlstm8smn.a: [4]
    cexit.o                      5
    char.o                      10
    cstartup.o                  19
    dc_util.o                   13
    exit.o                       3
    init.o                      20
    init_small.o                30
    interrupt.o                  3      128
    long.o                     187
    long_util.o                 28
    low_level_init.o             3
    short.o                     13
    unhandled_exception.o        3
    vreg_util.o                183
    vregs.o                                       16
    ------------------------------------------------
    Total:                     520      128       16

    Linker created                        8      256
----------------------------------------------------
    Grand Total:             3 407      213      279


*******************************************************************************
*** ENTRY LIST
***

Entry                    Address   Size  Type      Object
-----                    -------   ----  ----      ------
.iar.init_table$$Base   0x008c35          --   Gb  - Linker created -
.iar.init_table$$Limit  0x008c3d          --   Gb  - Linker created -
?b0                     0x000000         Data  Gb  vregs.o [4]
?b1                     0x000001         Data  Gb  vregs.o [4]
?b10                    0x00000a         Data  Gb  vregs.o [4]
?b11                    0x00000b         Data  Gb  vregs.o [4]
?b12                    0x00000c         Data  Gb  vregs.o [4]
?b13                    0x00000d         Data  Gb  vregs.o [4]
?b14                    0x00000e         Data  Gb  vregs.o [4]
?b15                    0x00000f         Data  Gb  vregs.o [4]
?b2                     0x000002         Data  Gb  vregs.o [4]
?b3                     0x000003         Data  Gb  vregs.o [4]
?b4                     0x000004         Data  Gb  vregs.o [4]
?b5                     0x000005         Data  Gb  vregs.o [4]
?b6                     0x000006         Data  Gb  vregs.o [4]
?b7                     0x000007         Data  Gb  vregs.o [4]
?b8                     0x000008         Data  Gb  vregs.o [4]
?b9                     0x000009         Data  Gb  vregs.o [4]
?dc32_l1                0x008dbc         Code  Gb  dc_util.o [4]
?e0                     0x000001         Data  Gb  vregs.o [4]
?e1                     0x000005         Data  Gb  vregs.o [4]
?e2                     0x000009         Data  Gb  vregs.o [4]
?e3                     0x00000d         Data  Gb  vregs.o [4]
?epilogue_l2            0x008540         Code  Gb  vreg_util.o [4]
?epilogue_l2_l3         0x00853d         Code  Gb  vreg_util.o [4]
?epilogue_w4            0x008544         Code  Gb  vreg_util.o [4]
?l0                     0x000000         Data  Gb  vregs.o [4]
?l1                     0x000004         Data  Gb  vregs.o [4]
?l2                     0x000008         Data  Gb  vregs.o [4]
?l3                     0x00000c         Data  Gb  vregs.o [4]
?load32_l1_0x           0x008ca3         Code  Gb  long_util.o [4]
?load32_l1_asp          0x008c98         Code  Gb  long_util.o [4]
?load32_l1_dbsp         0x008c93         Code  Gb  long_util.o [4]
?load32_l1_xsp          0x008c9a         Code  Gb  long_util.o [4]
?mov_e0_e1              0x008552         Code  Gb  vreg_util.o [4]
?mov_e0_e2              0x00855f         Code  Gb  vreg_util.o [4]
?mov_e2_e0              0x00856c         Code  Gb  vreg_util.o [4]
?mov_e3_e0              0x008579         Code  Gb  vreg_util.o [4]
?mov_l0_l1              0x00854f         Code  Gb  vreg_util.o [4]
?mov_l0_l2              0x00855c         Code  Gb  vreg_util.o [4]
?mov_l2_l0              0x008569         Code  Gb  vreg_util.o [4]
?mov_l3_l0              0x008576         Code  Gb  vreg_util.o [4]
?mov_w1_w3              0x008555         Code  Gb  vreg_util.o [4]
?mov_w1_w4              0x008548         Code  Gb  vreg_util.o [4]
?mov_w1_w5              0x008562         Code  Gb  vreg_util.o [4]
?mov_w5_w1              0x00856f         Code  Gb  vreg_util.o [4]
?mov_w7_w1              0x00857c         Code  Gb  vreg_util.o [4]
?pop_l2                 0x00851f         Code  Gb  vreg_util.o [4]
?pop_l3                 0x00852a         Code  Gb  vreg_util.o [4]
?pop_w4                 0x0084e4         Code  Gb  vreg_util.o [4]
?push_l0                0x0084f3         Code  Gb  vreg_util.o [4]
?push_l2                0x0084f8         Code  Gb  vreg_util.o [4]
?push_l3                0x0084fd         Code  Gb  vreg_util.o [4]
?push_w4                0x0084cc         Code  Gb  vreg_util.o [4]
?sdiv32_l0_l0_dl        0x008483         Code  Gb  long.o [4]
?sdiv32_l0_l0_l1        0x008486         Code  Gb  long.o [4]
?sll16_x_x_a            0x008daf         Code  Gb  short.o [4]
?sll8_a_a_5             0x008ddf         Code  Gb  char.o [4]
?smod32_l1_l0_dl        0x00847e         Code  Gb  long.o [4]
?smod32_l1_l0_l1        0x008486         Code  Gb  long.o [4]
?srl16_x_x_4            0x008db7         Code  Gb  short.o [4]
?srl8_a_a_5             0x008de4         Code  Gb  char.o [4]
?udiv32_l0_l0_l1        0x008411         Code  Gb  long.o [4]
?umod32_l1_l0_l1        0x008411         Code  Gb  long.o [4]
?w0                     0x000000         Data  Gb  vregs.o [4]
?w1                     0x000002         Data  Gb  vregs.o [4]
?w2                     0x000004         Data  Gb  vregs.o [4]
?w3                     0x000006         Data  Gb  vregs.o [4]
?w4                     0x000008         Data  Gb  vregs.o [4]
?w5                     0x00000a         Data  Gb  vregs.o [4]
?w6                     0x00000c         Data  Gb  vregs.o [4]
?w7                     0x00000e         Data  Gb  vregs.o [4]
Bcd2ToByte              0x008ce0   0x17  Code  Lc  stm8l15x_rtc.o [1]
ByteToBcd2              0x008c77   0x1c  Code  Lc  stm8l15x_rtc.o [1]
CLK_GetClockFreq        0x0088f9   0x72  Code  Gb  stm8l15x_clk.o [1]
CLK_GetFlagStatus       0x0086c6   0x98  Code  Gb  stm8l15x_clk.o [1]
CLK_LSEConfig           0x008d48   0x13  Code  Gb  stm8l15x_clk.o [1]
CLK_PeripheralClockConfig
                        0x0087ec   0x89  Code  Gb  stm8l15x_clk.o [1]
CLK_RTCClockConfig      0x008dd5    0xa  Code  Gb  stm8l15x_clk.o [1]
CSTACK$$Base            0x000f00          --   Gb  - Linker created -
CSTACK$$Limit           0x001000          --   Gb  - Linker created -
Delay                   0x008c5b   0x1c  Code  Gb  main.o [1]
GPIO_Init               0x00875e   0x8e  Code  Gb  stm8l15x_gpio.o [1]
GPIO_ResetBits          0x008e0a    0x4  Code  Gb  stm8l15x_gpio.o [1]
GPIO_SetBits            0x008df9    0x7  Code  Gb  stm8l15x_gpio.o [1]
HEX_TABLE               0x008d91   0x10  Data  Gb  uart.o [1]
INTVEC$$Base            0x008000          --   Gb  - Linker created -
INTVEC$$Limit           0x008080          --   Gb  - Linker created -
LED_GPIO_Init           0x008dc9    0xc  Code  Gb  main.o [1]
LED_Off                 0x008df1    0x8  Code  Gb  main.o [1]
LED_On                  0x008de9    0x8  Code  Gb  main.o [1]
RTC_DateStructInit      0x008cc9   0x17  Code  Gb  stm8l15x_rtc.o [1]
RTC_DeInit              0x00824f   0xf8  Code  Gb  stm8l15x_rtc.o [1]
RTC_EnterInitMode       0x008bf1   0x22  Code  Gb  stm8l15x_rtc.o [1]
RTC_GetDate             0x008a32   0x55  Code  Gb  stm8l15x_rtc.o [1]
RTC_GetTime             0x008a87   0x4e  Code  Gb  stm8l15x_rtc.o [1]
RTC_Get_Time            0x008b5e   0x38  Code  Gb  rtc.o [1]
RTC_Init                0x0089d7   0x5b  Code  Gb  stm8l15x_rtc.o [1]
RTC_SetDate             0x00862d   0x99  Code  Gb  stm8l15x_rtc.o [1]
RTC_SetTime             0x008875   0x84  Code  Gb  stm8l15x_rtc.o [1]
RTC_Setting_Init        0x00896b   0x6c  Code  Gb  rtc.o [1]
RTC_TimeStructInit      0x008d5b   0x13  Code  Gb  stm8l15x_rtc.o [1]
RTC_WaitForSynchro      0x008b96   0x34  Code  Gb  stm8l15x_rtc.o [1]
RTC_WakeUpCmd           0x008b21   0x3d  Code  Gb  stm8l15x_rtc.o [1]
Region$$Table$$Base     0x008c35          --   Gb  - Linker created -
Region$$Table$$Limit    0x008c3d          --   Gb  - Linker created -
SYSDivFactor            0x008e00    0x5  Data  Gb  stm8l15x_clk.o [1]
UART1_Init              0x008ad5   0x4c  Code  Gb  uart.o [1]
UART1_Send_Byte         0x008cf7   0x15  Code  Gb  uart.o [1]
UART1_Send_Dec          0x008080  0x1cf  Code  Gb  uart.o [1]
UART1_Send_String       0x008caf   0x1a  Code  Gb  uart.o [1]
USART_Cmd               0x008bca   0x27  Code  Gb  stm8l15x_usart.o [1]
USART_GetFlagStatus     0x008c13   0x22  Code  Gb  stm8l15x_usart.o [1]
USART_Init              0x008347   0xca  Code  Gb  stm8l15x_usart.o [1]
USART_SendData8         0x008e0e    0x3  Code  Gb  stm8l15x_usart.o [1]
__DebugBreak            0x008e23    0x1  Code  Gb  __dbg_break.o [3]
__exit                  0x008d34   0x14  Code  Gb  __dbg_xxexit.o [3]
__iar_data_init2        0x008d20   0x14  Code  Gb  init.o [4]
__iar_program_start     0x008d6e         Code  Gb  cstartup.o [4]
__iar_unhandled_exception
                        0x008e1a         Code  Gb  unhandled_exception.o [4]
__iar_zero_init2        0x008c3d         Code  Gb  init_small.o [4]
__intvec                0x008000         Data  Gb  interrupt.o [4]
__low_level_init        0x008e14    0x3  Code  Gb  low_level_init.o [4]
_exit                   0x008e05         Code  Gb  cexit.o [4]
clock                   0x000010    0x7  Data  Gb  rtc.o [1]
exit                    0x008e17    0x3  Code  Gb  exit.o [4]
main                    0x008583   0xaa  Code  Gb  main.o [1]


[1] = C:\Users\admin\Documents\stm8_project\Debug\Obj
[2] = command line
[3] = dbgstm8smd.a
[4] = dlstm8smn.a

  3 407 bytes of readonly  code memory
    213 bytes of readonly  data memory
    279 bytes of readwrite data memory

Errors: none
Warnings: none
